DEBUG:parse:format 'I have an account for "{email}"' -> 'I have an account for "(?P<email>.+?)"'
DEBUG:parse:format 'I log in' -> 'I log in'
DEBUG:parse:format 'I should see personalized page' -> 'I should see personalized page'
INFO:test:BEFORE ALL
INFO:test:>>>>>>>>>>>>>>>>>>>>>>>>>>>>>>
INFO:test:<<<<<<<<<<<<<<<<<<<<<<<<<<<<<
INFO:test:AFTER FEATURE
DEBUG:parse:format 'I have an account for "{email}"' -> 'I have an account for "(?P<email>.+?)"'
DEBUG:parse:format 'I log in' -> 'I log in'
DEBUG:parse:format 'I should see personalized page' -> 'I should see personalized page'
INFO:test:BEFORE ALL
INFO:test:>>>>>>>>>>>>>>>>>>>>>>>>>>>>>>
INFO:test:<<<<<<<<<<<<<<<<<<<<<<<<<<<<<
INFO:test:AFTER FEATURE
DEBUG:parse:format 'I have an account for "{email}"' -> 'I have an account for "(?P<email>.+?)"'
DEBUG:parse:format 'I log in' -> 'I log in'
DEBUG:parse:format 'I should see personalized page' -> 'I should see personalized page'
INFO:test:BEFORE ALL
INFO:test:>>>>>>>>>>>>>>>>>>>>>>>>>>>>>>
INFO:test:<<<<<<<<<<<<<<<<<<<<<<<<<<<<<
INFO:test:AFTER FEATURE
DEBUG:parse:format 'I have an account for "{email}"' -> 'I have an account for "(?P<email>.+?)"'
DEBUG:parse:format 'I log in' -> 'I log in'
DEBUG:parse:format 'I should see personalized page' -> 'I should see personalized page'
INFO:test:BEFORE ALL
INFO:test:>>>>>>>>>>>>>>>>>>>>>>>>>>>>>>
INFO:test:<<<<<<<<<<<<<<<<<<<<<<<<<<<<<
INFO:test:AFTER FEATURE
DEBUG:parse:format 'I have an account for "{email}"' -> 'I have an account for "(?P<email>.+?)"'
DEBUG:parse:format 'I log in' -> 'I log in'
DEBUG:parse:format 'I should see personalized page' -> 'I should see personalized page'
INFO:test:BEFORE ALL
INFO:test:>>>>>>>>>>>>>>>>>>>>>>>>>>>>>>
INFO:test:<<<<<<<<<<<<<<<<<<<<<<<<<<<<<
INFO:test:AFTER FEATURE
DEBUG:parse:format 'I have an account for "{email}"' -> 'I have an account for "(?P<email>.+?)"'
DEBUG:parse:format 'I log in' -> 'I log in'
DEBUG:parse:format 'I should see personalized page' -> 'I should see personalized page'
INFO:test:BEFORE ALL
INFO:test:>>>>>>>>>>>>>>>>>>>>>>>>>>>>>>
INFO:test:<<<<<<<<<<<<<<<<<<<<<<<<<<<<<
INFO:test:AFTER FEATURE
DEBUG:parse:format 'I have an account for "{email}"' -> 'I have an account for "(?P<email>.+?)"'
DEBUG:parse:format 'I log in' -> 'I log in'
DEBUG:parse:format 'I should see personalized page' -> 'I should see personalized page'
INFO:test:BEFORE ALL
INFO:test:>>>>>>>>>>>>>>>>>>>>>>>>>>>>>>
INFO:test:<<<<<<<<<<<<<<<<<<<<<<<<<<<<<
INFO:test:AFTER FEATURE
DEBUG:parse:format 'I have an account for "{email}"' -> 'I have an account for "(?P<email>.+?)"'
DEBUG:parse:format 'I log in' -> 'I log in'
DEBUG:parse:format 'I should see personalized page' -> 'I should see personalized page'
INFO:test:BEFORE ALL
INFO:test:>>>>>>>>>>>>>>>>>>>>>>>>>>>>>>
INFO:test:<<<<<<<<<<<<<<<<<<<<<<<<<<<<<
INFO:test:AFTER FEATURE
DEBUG:parse:format 'I have an account for "{email}"' -> 'I have an account for "(?P<email>.+?)"'
DEBUG:parse:format 'I log in' -> 'I log in'
DEBUG:parse:format 'I should see personalized page' -> 'I should see personalized page'
INFO:test:BEFORE ALL
INFO:test:>>>>>>>>>>>>>>>>>>>>>>>>>>>>>>
INFO:test:<<<<<<<<<<<<<<<<<<<<<<<<<<<<<
INFO:test:AFTER FEATURE
DEBUG:parse:format 'I have an account for "{email}"' -> 'I have an account for "(?P<email>.+?)"'
DEBUG:parse:format 'I log in' -> 'I log in'
DEBUG:parse:format 'I should see personalized page' -> 'I should see personalized page'
INFO:test:BEFORE ALL
INFO:test:>>>>>>>>>>>>>>>>>>>>>>>>>>>>>>
INFO:test:<<<<<<<<<<<<<<<<<<<<<<<<<<<<<
INFO:test:AFTER FEATURE
DEBUG:parse:format 'I have an account for "{email}"' -> 'I have an account for "(?P<email>.+?)"'
DEBUG:parse:format 'I log in' -> 'I log in'
DEBUG:parse:format 'I should see personalized page' -> 'I should see personalized page'
INFO:test:BEFORE ALL
INFO:test:>>>>>>>>>>>>>>>>>>>>>>>>>>>>>>
INFO:test:<<<<<<<<<<<<<<<<<<<<<<<<<<<<<
INFO:test:AFTER FEATURE
DEBUG:parse:format 'I have an account for "{email}"' -> 'I have an account for "(?P<email>.+?)"'
DEBUG:parse:format 'I log in' -> 'I log in'
DEBUG:parse:format 'I should see personalized page' -> 'I should see personalized page'
INFO:test:BEFORE ALL
INFO:test:>>>>>>>>>>>>>>>>>>>>>>>>>>>>>>
INFO:test:<<<<<<<<<<<<<<<<<<<<<<<<<<<<<
INFO:test:AFTER FEATURE
DEBUG:parse:format 'I have an account for "{email}"' -> 'I have an account for "(?P<email>.+?)"'
DEBUG:parse:format 'I log in' -> 'I log in'
DEBUG:parse:format 'I should see personalized page' -> 'I should see personalized page'
INFO:test:BEFORE ALL
INFO:test:>>>>>>>>>>>>>>>>>>>>>>>>>>>>>>
INFO:test:<<<<<<<<<<<<<<<<<<<<<<<<<<<<<
INFO:test:AFTER FEATURE
DEBUG:parse:format 'I have an account for "{email}"' -> 'I have an account for "(?P<email>.+?)"'
DEBUG:parse:format 'I log in' -> 'I log in'
DEBUG:parse:format 'I should see personalized page' -> 'I should see personalized page'
INFO:test:BEFORE ALL
INFO:test:>>>>>>>>>>>>>>>>>>>>>>>>>>>>>>
INFO:test:<<<<<<<<<<<<<<<<<<<<<<<<<<<<<
INFO:test:AFTER FEATURE
DEBUG:parse:format 'I have an account for "{email}"' -> 'I have an account for "(?P<email>.+?)"'
DEBUG:parse:format 'I log in' -> 'I log in'
DEBUG:parse:format 'I should see personalized page' -> 'I should see personalized page'
INFO:test:BEFORE ALL
INFO:test:>>>>>>>>>>>>>>>>>>>>>>>>>>>>>>
INFO:test:<<<<<<<<<<<<<<<<<<<<<<<<<<<<<
INFO:test:AFTER FEATURE
DEBUG:parse:format 'I have an account for "{email}"' -> 'I have an account for "(?P<email>.+?)"'
DEBUG:parse:format 'I log in' -> 'I log in'
DEBUG:parse:format 'I should see personalized page' -> 'I should see personalized page'
INFO:test:BEFORE ALL
INFO:test:>>>>>>>>>>>>>>>>>>>>>>>>>>>>>>
INFO:test:<<<<<<<<<<<<<<<<<<<<<<<<<<<<<
INFO:test:AFTER FEATURE
DEBUG:parse:format 'I have an account for "{email}"' -> 'I have an account for "(?P<email>.+?)"'
DEBUG:parse:format 'I log in' -> 'I log in'
DEBUG:parse:format 'I should see personalized page' -> 'I should see personalized page'
INFO:test:BEFORE ALL
INFO:test:>>>>>>>>>>>>>>>>>>>>>>>>>>>>>>
INFO:test:<<<<<<<<<<<<<<<<<<<<<<<<<<<<<
INFO:test:AFTER FEATURE
DEBUG:parse:format 'I have an account for "{email}"' -> 'I have an account for "(?P<email>.+?)"'
DEBUG:parse:format 'I log in' -> 'I log in'
DEBUG:parse:format 'I should see personalized page' -> 'I should see personalized page'
INFO:test:BEFORE ALL
INFO:test:>>>>>>>>>>>>>>>>>>>>>>>>>>>>>>
INFO:test:<<<<<<<<<<<<<<<<<<<<<<<<<<<<<
INFO:test:AFTER FEATURE
DEBUG:parse:format 'I have an account for "{email}"' -> 'I have an account for "(?P<email>.+?)"'
DEBUG:parse:format 'I log in' -> 'I log in'
DEBUG:parse:format 'I should see personalized page' -> 'I should see personalized page'
INFO:test:BEFORE ALL
INFO:test:>>>>>>>>>>>>>>>>>>>>>>>>>>>>>>
INFO:test:<<<<<<<<<<<<<<<<<<<<<<<<<<<<<
INFO:test:AFTER FEATURE
DEBUG:parse:format 'I have an account for "{email}"' -> 'I have an account for "(?P<email>.+?)"'
DEBUG:parse:format 'I log in' -> 'I log in'
DEBUG:parse:format 'I should see personalized page' -> 'I should see personalized page'
INFO:test:BEFORE ALL
INFO:test:>>>>>>>>>>>>>>>>>>>>>>>>>>>>>>
INFO:test:<<<<<<<<<<<<<<<<<<<<<<<<<<<<<
INFO:test:AFTER FEATURE
DEBUG:parse:format 'I have an account for "{email}"' -> 'I have an account for "(?P<email>.+?)"'
DEBUG:parse:format 'I log in' -> 'I log in'
DEBUG:parse:format 'I should see personalized page' -> 'I should see personalized page'
INFO:test:BEFORE ALL
INFO:test:>>>>>>>>>>>>>>>>>>>>>>>>>>>>>>
INFO:test:<<<<<<<<<<<<<<<<<<<<<<<<<<<<<
INFO:test:AFTER FEATURE
DEBUG:parse:format 'I have an account for "{email}"' -> 'I have an account for "(?P<email>.+?)"'
DEBUG:parse:format 'I log in' -> 'I log in'
DEBUG:parse:format 'I should see personalized page' -> 'I should see personalized page'
INFO:test:BEFORE ALL
INFO:test:>>>>>>>>>>>>>>>>>>>>>>>>>>>>>>
INFO:test:<<<<<<<<<<<<<<<<<<<<<<<<<<<<<
INFO:test:AFTER FEATURE
DEBUG:parse:format 'I have an account for "{email}"' -> 'I have an account for "(?P<email>.+?)"'
DEBUG:parse:format 'I log in' -> 'I log in'
DEBUG:parse:format 'I should see personalized page' -> 'I should see personalized page'
INFO:test:BEFORE ALL
INFO:test:>>>>>>>>>>>>>>>>>>>>>>>>>>>>>>
INFO:test:<<<<<<<<<<<<<<<<<<<<<<<<<<<<<
INFO:test:AFTER FEATURE
DEBUG:parse:format 'I have an account for "{email}"' -> 'I have an account for "(?P<email>.+?)"'
DEBUG:parse:format 'I log in' -> 'I log in'
DEBUG:parse:format 'I should see personalized page' -> 'I should see personalized page'
INFO:test:BEFORE ALL
INFO:test:>>>>>>>>>>>>>>>>>>>>>>>>>>>>>>
INFO:test:<<<<<<<<<<<<<<<<<<<<<<<<<<<<<
INFO:test:AFTER FEATURE
DEBUG:parse:format 'I have an account for "{email}"' -> 'I have an account for "(?P<email>.+?)"'
DEBUG:parse:format 'I log in' -> 'I log in'
DEBUG:parse:format 'I should see personalized page' -> 'I should see personalized page'
INFO:test:BEFORE ALL
INFO:test:>>>>>>>>>>>>>>>>>>>>>>>>>>>>>>
INFO:test:<<<<<<<<<<<<<<<<<<<<<<<<<<<<<
INFO:test:AFTER FEATURE
DEBUG:parse:format 'I have an account for "{email}"' -> 'I have an account for "(?P<email>.+?)"'
DEBUG:parse:format 'I log in' -> 'I log in'
DEBUG:parse:format 'I should see personalized page' -> 'I should see personalized page'
INFO:test:BEFORE ALL
INFO:test:>>>>>>>>>>>>>>>>>>>>>>>>>>>>>>
INFO:test:<<<<<<<<<<<<<<<<<<<<<<<<<<<<<
INFO:test:AFTER FEATURE
DEBUG:parse:format 'I have an account for "{email}"' -> 'I have an account for "(?P<email>.+?)"'
DEBUG:parse:format 'I log in' -> 'I log in'
DEBUG:parse:format 'I should see personalized page' -> 'I should see personalized page'
INFO:test:BEFORE ALL
INFO:test:>>>>>>>>>>>>>>>>>>>>>>>>>>>>>>
INFO:test:<<<<<<<<<<<<<<<<<<<<<<<<<<<<<
INFO:test:AFTER FEATURE
DEBUG:parse:format 'I have an account for "{email}"' -> 'I have an account for "(?P<email>.+?)"'
DEBUG:parse:format 'I log in' -> 'I log in'
DEBUG:parse:format 'I should see personalized page' -> 'I should see personalized page'
INFO:test:BEFORE ALL
INFO:test:>>>>>>>>>>>>>>>>>>>>>>>>>>>>>>
INFO:test:<<<<<<<<<<<<<<<<<<<<<<<<<<<<<
INFO:test:AFTER FEATURE
DEBUG:parse:format 'I have an account for "{email}"' -> 'I have an account for "(?P<email>.+?)"'
DEBUG:parse:format 'I log in' -> 'I log in'
DEBUG:parse:format 'I should see personalized page' -> 'I should see personalized page'
INFO:test:BEFORE ALL
INFO:test:>>>>>>>>>>>>>>>>>>>>>>>>>>>>>>
INFO:test:<<<<<<<<<<<<<<<<<<<<<<<<<<<<<
INFO:test:AFTER FEATURE
DEBUG:parse:format 'I have an account for "{email}"' -> 'I have an account for "(?P<email>.+?)"'
DEBUG:parse:format 'I log in' -> 'I log in'
DEBUG:parse:format 'I should see personalized page' -> 'I should see personalized page'
INFO:test:BEFORE ALL
INFO:test:>>>>>>>>>>>>>>>>>>>>>>>>>>>>>>
INFO:test:<<<<<<<<<<<<<<<<<<<<<<<<<<<<<
INFO:test:AFTER FEATURE
DEBUG:parse:format 'I have an account for "{email}"' -> 'I have an account for "(?P<email>.+?)"'
DEBUG:parse:format 'I log in' -> 'I log in'
DEBUG:parse:format 'I should see personalized page' -> 'I should see personalized page'
INFO:test:BEFORE ALL
INFO:test:>>>>>>>>>>>>>>>>>>>>>>>>>>>>>>
INFO:test:<<<<<<<<<<<<<<<<<<<<<<<<<<<<<
INFO:test:AFTER FEATURE
DEBUG:parse:format 'I have an account for "{email}"' -> 'I have an account for "(?P<email>.+?)"'
DEBUG:parse:format 'I log in' -> 'I log in'
DEBUG:parse:format 'I should see personalized page' -> 'I should see personalized page'
INFO:test:BEFORE ALL
INFO:test:>>>>>>>>>>>>>>>>>>>>>>>>>>>>>>
INFO:test:<<<<<<<<<<<<<<<<<<<<<<<<<<<<<
INFO:test:AFTER FEATURE
DEBUG:parse:format 'I have an account for "{email}"' -> 'I have an account for "(?P<email>.+?)"'
DEBUG:parse:format 'I log in' -> 'I log in'
DEBUG:parse:format 'I should see personalized page' -> 'I should see personalized page'
INFO:test:BEFORE ALL
INFO:test:>>>>>>>>>>>>>>>>>>>>>>>>>>>>>>
INFO:test:<<<<<<<<<<<<<<<<<<<<<<<<<<<<<
INFO:test:AFTER FEATURE
DEBUG:parse:format 'I have an account for "{email}"' -> 'I have an account for "(?P<email>.+?)"'
DEBUG:parse:format 'I log in' -> 'I log in'
DEBUG:parse:format 'I should see personalized page' -> 'I should see personalized page'
INFO:test:BEFORE ALL
INFO:test:>>>>>>>>>>>>>>>>>>>>>>>>>>>>>>
INFO:test:<<<<<<<<<<<<<<<<<<<<<<<<<<<<<
INFO:test:AFTER FEATURE
DEBUG:parse:format 'I have an account for "{email}"' -> 'I have an account for "(?P<email>.+?)"'
DEBUG:parse:format 'I log in' -> 'I log in'
DEBUG:parse:format 'I should see personalized page' -> 'I should see personalized page'
INFO:test:BEFORE ALL
INFO:test:>>>>>>>>>>>>>>>>>>>>>>>>>>>>>>
INFO:test:<<<<<<<<<<<<<<<<<<<<<<<<<<<<<
INFO:test:AFTER FEATURE
DEBUG:parse:format 'I have an account for "{email}"' -> 'I have an account for "(?P<email>.+?)"'
DEBUG:parse:format 'I log in' -> 'I log in'
DEBUG:parse:format 'I should see personalized page' -> 'I should see personalized page'
INFO:test:BEFORE ALL
INFO:test:>>>>>>>>>>>>>>>>>>>>>>>>>>>>>>
INFO:test:<<<<<<<<<<<<<<<<<<<<<<<<<<<<<
INFO:test:AFTER FEATURE
DEBUG:parse:format 'I have an account for "{email}"' -> 'I have an account for "(?P<email>.+?)"'
DEBUG:parse:format 'I log in' -> 'I log in'
DEBUG:parse:format 'I should see personalized page' -> 'I should see personalized page'
INFO:test:BEFORE ALL
INFO:test:>>>>>>>>>>>>>>>>>>>>>>>>>>>>>>
INFO:test:<<<<<<<<<<<<<<<<<<<<<<<<<<<<<
INFO:test:AFTER FEATURE
DEBUG:parse:format 'I have an account for "{email}"' -> 'I have an account for "(?P<email>.+?)"'
DEBUG:parse:format 'I log in' -> 'I log in'
DEBUG:parse:format 'I should see personalized page' -> 'I should see personalized page'
INFO:test:BEFORE ALL
INFO:test:>>>>>>>>>>>>>>>>>>>>>>>>>>>>>>
INFO:test:<<<<<<<<<<<<<<<<<<<<<<<<<<<<<
INFO:test:AFTER FEATURE
DEBUG:parse:format 'I have an account for "{email}"' -> 'I have an account for "(?P<email>.+?)"'
DEBUG:parse:format 'I log in' -> 'I log in'
DEBUG:parse:format 'I should see personalized page' -> 'I should see personalized page'
INFO:test:BEFORE ALL
INFO:test:>>>>>>>>>>>>>>>>>>>>>>>>>>>>>>
INFO:test:<<<<<<<<<<<<<<<<<<<<<<<<<<<<<
INFO:test:AFTER FEATURE
DEBUG:parse:format 'I have an account for "{email}"' -> 'I have an account for "(?P<email>.+?)"'
DEBUG:parse:format 'I log in' -> 'I log in'
DEBUG:parse:format 'I should see personalized page' -> 'I should see personalized page'
INFO:test:BEFORE ALL
INFO:test:>>>>>>>>>>>>>>>>>>>>>>>>>>>>>>
INFO:test:<<<<<<<<<<<<<<<<<<<<<<<<<<<<<
INFO:test:AFTER FEATURE
DEBUG:parse:format 'I have an account for "{email}"' -> 'I have an account for "(?P<email>.+?)"'
DEBUG:parse:format 'I log in' -> 'I log in'
DEBUG:parse:format 'I should see personalized page' -> 'I should see personalized page'
INFO:test:BEFORE ALL
INFO:test:>>>>>>>>>>>>>>>>>>>>>>>>>>>>>>
INFO:test:<<<<<<<<<<<<<<<<<<<<<<<<<<<<<
INFO:test:AFTER FEATURE
DEBUG:parse:format 'I have an account for "{email}"' -> 'I have an account for "(?P<email>.+?)"'
DEBUG:parse:format 'I log in' -> 'I log in'
DEBUG:parse:format 'I should see personalized page' -> 'I should see personalized page'
DEBUG:parse:format 'I am on the home page' -> 'I am on the home page'
DEBUG:parse:format 'I search for "{querry}"' -> 'I search for "(?P<querry>.+?)"'
DEBUG:parse:format 'I should be on the results page' -> 'I should be on the results page'
INFO:test:BEFORE ALL
INFO:test:>>>>>>>>>>>>>>>>>>>>>>>>>>>>>>
INFO:test:<<<<<<<<<<<<<<<<<<<<<<<<<<<<<
INFO:test:AFTER FEATURE
DEBUG:parse:format 'I have an account for "{email}"' -> 'I have an account for "(?P<email>.+?)"'
DEBUG:parse:format 'I log in' -> 'I log in'
DEBUG:parse:format 'I should see personalized page' -> 'I should see personalized page'
DEBUG:parse:format 'I am on the home page' -> 'I am on the home page'
DEBUG:parse:format 'I search for "{querry}"' -> 'I search for "(?P<querry>.+?)"'
DEBUG:parse:format 'I should be on the results page' -> 'I should be on the results page'
INFO:test:BEFORE ALL
INFO:test:>>>>>>>>>>>>>>>>>>>>>>>>>>>>>>
INFO:test:<<<<<<<<<<<<<<<<<<<<<<<<<<<<<
INFO:test:AFTER FEATURE
DEBUG:parse:format 'I have an account for "{email}"' -> 'I have an account for "(?P<email>.+?)"'
DEBUG:parse:format 'I log in' -> 'I log in'
DEBUG:parse:format 'I should see personalized page' -> 'I should see personalized page'
DEBUG:parse:format 'I am on the home page' -> 'I am on the home page'
DEBUG:parse:format 'I search for "{querry}"' -> 'I search for "(?P<querry>.+?)"'
DEBUG:parse:format 'I should be on the results page' -> 'I should be on the results page'
INFO:test:BEFORE ALL
INFO:test:>>>>>>>>>>>>>>>>>>>>>>>>>>>>>>
INFO:test:<<<<<<<<<<<<<<<<<<<<<<<<<<<<<
INFO:test:AFTER FEATURE
DEBUG:parse:format 'I am on the home page' -> 'I am on the home page'
DEBUG:parse:format 'I search for "{querry}"' -> 'I search for "(?P<querry>.+?)"'
DEBUG:parse:format 'I should be on the results page' -> 'I should be on the results page'
INFO:test:BEFORE ALL
INFO:test:>>>>>>>>>>>>>>>>>>>>>>>>>>>>>>
INFO:test:<<<<<<<<<<<<<<<<<<<<<<<<<<<<<
INFO:test:AFTER FEATURE
DEBUG:parse:format 'I am on the home page' -> 'I am on the home page'
DEBUG:parse:format 'I search for "{querry}"' -> 'I search for "(?P<querry>.+?)"'
DEBUG:parse:format 'I should be on the results page' -> 'I should be on the results page'
INFO:test:BEFORE ALL
INFO:test:>>>>>>>>>>>>>>>>>>>>>>>>>>>>>>
INFO:test:<<<<<<<<<<<<<<<<<<<<<<<<<<<<<
INFO:test:AFTER FEATURE
DEBUG:parse:format 'I am on the home page' -> 'I am on the home page'
DEBUG:parse:format 'I search for "{querry}"' -> 'I search for "(?P<querry>.+?)"'
DEBUG:parse:format 'I should be on the results page' -> 'I should be on the results page'
INFO:test:BEFORE ALL
INFO:test:>>>>>>>>>>>>>>>>>>>>>>>>>>>>>>
INFO:test:<<<<<<<<<<<<<<<<<<<<<<<<<<<<<
INFO:test:AFTER FEATURE
DEBUG:parse:format 'I am on the home page' -> 'I am on the home page'
DEBUG:parse:format 'I search for "{querry}"' -> 'I search for "(?P<querry>.+?)"'
DEBUG:parse:format 'I should be on the results page' -> 'I should be on the results page'
INFO:test:BEFORE ALL
INFO:test:>>>>>>>>>>>>>>>>>>>>
DEBUG:parse:format 'I am on the home page' -> 'I am on the home page'
DEBUG:parse:format 'I search for "{querry}"' -> 'I search for "(?P<querry>.+?)"'
DEBUG:parse:format 'I should be on the results page' -> 'I should be on the results page'
INFO:test:BEFORE ALL
INFO:test:>>>>>>>>>>>>>>>>>>>>
INFO:test:<<<<<<<<<<<<<<<<<<<<
INFO:test:AFTER FEATURE
DEBUG:parse:format 'I am on the home page' -> 'I am on the home page'
DEBUG:parse:format 'I search for "{querry}"' -> 'I search for "(?P<querry>.+?)"'
DEBUG:parse:format 'I should be on the results page' -> 'I should be on the results page'
INFO:test:BEFORE ALL
INFO:test:>>>>>>>>>>>>>>>>>>>>
INFO:test:<<<<<<<<<<<<<<<<<<<<
INFO:test:AFTER FEATURE
DEBUG:parse:format 'I have an account for "{email}"' -> 'I have an account for "(?P<email>.+?)"'
DEBUG:parse:format 'I log in' -> 'I log in'
DEBUG:parse:format 'I should see personalized page' -> 'I should see personalized page'
DEBUG:parse:format 'I am on the home page' -> 'I am on the home page'
DEBUG:parse:format 'I search for "{querry}"' -> 'I search for "(?P<querry>.+?)"'
DEBUG:parse:format 'I should be on the results page' -> 'I should be on the results page'
INFO:test:BEFORE ALL
INFO:test:>>>>>>>>>>>>>>>>>>>>
INFO:test:<<<<<<<<<<<<<<<<<<<<
INFO:test:AFTER FEATURE
DEBUG:parse:format 'I have an account for "{email}"' -> 'I have an account for "(?P<email>.+?)"'
DEBUG:parse:format 'I log in' -> 'I log in'
DEBUG:parse:format 'I should see personalized page' -> 'I should see personalized page'
DEBUG:parse:format 'I am on the home page' -> 'I am on the home page'
DEBUG:parse:format 'I search for "{querry}"' -> 'I search for "(?P<querry>.+?)"'
DEBUG:parse:format 'I should be on the results page' -> 'I should be on the results page'
INFO:test:BEFORE ALL
INFO:test:>>>>>>>>>>>>>>>>>>>>
INFO:test:<<<<<<<<<<<<<<<<<<<<
INFO:test:AFTER FEATURE
DEBUG:parse:format 'I have an account for "{email}"' -> 'I have an account for "(?P<email>.+?)"'
DEBUG:parse:format 'I log in' -> 'I log in'
DEBUG:parse:format 'I should see personalized page' -> 'I should see personalized page'
DEBUG:parse:format 'I am on the home page' -> 'I am on the home page'
DEBUG:parse:format 'I search for "{querry}"' -> 'I search for "(?P<querry>.+?)"'
DEBUG:parse:format 'I should be on the results page' -> 'I should be on the results page'
INFO:test:BEFORE ALL
INFO:test:>>>>>>>>>>>>>>>>>>>>
INFO:test:<<<<<<<<<<<<<<<<<<<<
INFO:test:AFTER FEATURE
DEBUG:parse:format 'I have an account for "{email}"' -> 'I have an account for "(?P<email>.+?)"'
DEBUG:parse:format 'I log in' -> 'I log in'
DEBUG:parse:format 'I should see personalized page' -> 'I should see personalized page'
DEBUG:parse:format 'I am on the home page' -> 'I am on the home page'
DEBUG:parse:format 'I search for "{querry}"' -> 'I search for "(?P<querry>.+?)"'
DEBUG:parse:format 'I should be on the results page' -> 'I should be on the results page'
INFO:test:BEFORE ALL
INFO:test:>>>>>>>>>>>>>>>>>>>>
INFO:test:<<<<<<<<<<<<<<<<<<<<
INFO:test:AFTER FEATURE
DEBUG:parse:format 'I have an account for "{email}"' -> 'I have an account for "(?P<email>.+?)"'
DEBUG:parse:format 'I log in' -> 'I log in'
DEBUG:parse:format 'I should see personalized page' -> 'I should see personalized page'
DEBUG:parse:format 'I am on the home page' -> 'I am on the home page'
DEBUG:parse:format 'I search for "{querry}"' -> 'I search for "(?P<querry>.+?)"'
DEBUG:parse:format 'I should be on the results page' -> 'I should be on the results page'
INFO:test:BEFORE ALL
INFO:test:>>>>>>>>>>>>>>>>>>>>
INFO:test:<<<<<<<<<<<<<<<<<<<<
INFO:test:AFTER FEATURE
DEBUG:parse:format 'I have an account for "{email}"' -> 'I have an account for "(?P<email>.+?)"'
DEBUG:parse:format 'I log in' -> 'I log in'
DEBUG:parse:format 'I should see personalized page' -> 'I should see personalized page'
DEBUG:parse:format 'I am on the home page' -> 'I am on the home page'
DEBUG:parse:format 'I search for "{querry}"' -> 'I search for "(?P<querry>.+?)"'
DEBUG:parse:format 'I should be on the results page' -> 'I should be on the results page'
INFO:test:BEFORE ALL
INFO:test:>>>>>>>>>>>>>>>>>>>>
INFO:test:<<<<<<<<<<<<<<<<<<<<
INFO:test:AFTER FEATURE
DEBUG:parse:format 'I have an account for "{email}"' -> 'I have an account for "(?P<email>.+?)"'
DEBUG:parse:format 'I log in' -> 'I log in'
DEBUG:parse:format 'I should see personalized page' -> 'I should see personalized page'
DEBUG:parse:format 'I am on the home page' -> 'I am on the home page'
DEBUG:parse:format 'I search for "{querry}"' -> 'I search for "(?P<querry>.+?)"'
DEBUG:parse:format 'I should be on the results page' -> 'I should be on the results page'
INFO:test:BEFORE ALL
INFO:test:>>>>>>>>>>>>>>>>>>>>
INFO:test:<<<<<<<<<<<<<<<<<<<<
INFO:test:AFTER FEATURE
DEBUG:parse:format 'I have an account for "{email}"' -> 'I have an account for "(?P<email>.+?)"'
DEBUG:parse:format 'I log in' -> 'I log in'
DEBUG:parse:format 'I should see personalized page' -> 'I should see personalized page'
DEBUG:parse:format 'I am on the home page' -> 'I am on the home page'
DEBUG:parse:format 'I search for "{querry}"' -> 'I search for "(?P<querry>.+?)"'
DEBUG:parse:format 'I should be on the results page' -> 'I should be on the results page'
INFO:test:BEFORE ALL
INFO:test:>>>>>>>>>>>>>>>>>>>>
INFO:test:<<<<<<<<<<<<<<<<<<<<
INFO:test:AFTER FEATURE
DEBUG:parse:format 'I have an account for "{email}"' -> 'I have an account for "(?P<email>.+?)"'
DEBUG:parse:format 'I log in' -> 'I log in'
DEBUG:parse:format 'I should see personalized page' -> 'I should see personalized page'
DEBUG:parse:format 'I am on the home page' -> 'I am on the home page'
DEBUG:parse:format 'I search for "{querry}"' -> 'I search for "(?P<querry>.+?)"'
DEBUG:parse:format 'I should be on the results page' -> 'I should be on the results page'
INFO:test:BEFORE ALL
INFO:test:>>>>>>>>>>>>>>>>>>>>
INFO:test:<<<<<<<<<<<<<<<<<<<<
INFO:test:AFTER FEATURE
DEBUG:parse:format 'I have an account for "{email}"' -> 'I have an account for "(?P<email>.+?)"'
DEBUG:parse:format 'I log in' -> 'I log in'
DEBUG:parse:format 'I should see personalized page' -> 'I should see personalized page'
DEBUG:parse:format 'I am on the home page' -> 'I am on the home page'
DEBUG:parse:format 'I search for "{querry}"' -> 'I search for "(?P<querry>.+?)"'
DEBUG:parse:format 'I should be on the results page' -> 'I should be on the results page'
INFO:test:BEFORE ALL
INFO:test:>>>>>>>>>>>>>>>>>>>>
INFO:test:<<<<<<<<<<<<<<<<<<<<
INFO:test:AFTER FEATURE
DEBUG:parse:format 'I have an account for "{email}"' -> 'I have an account for "(?P<email>.+?)"'
DEBUG:parse:format 'I log in' -> 'I log in'
DEBUG:parse:format 'I should see personalized page' -> 'I should see personalized page'
DEBUG:parse:format 'I am on the home page' -> 'I am on the home page'
DEBUG:parse:format 'I search for "{querry}"' -> 'I search for "(?P<querry>.+?)"'
DEBUG:parse:format 'I should be on the results page' -> 'I should be on the results page'
INFO:test:BEFORE ALL
INFO:test:>>>>>>>>>>>>>>>>>>>>
INFO:test:<<<<<<<<<<<<<<<<<<<<
INFO:test:AFTER FEATURE
DEBUG:parse:format 'I have an account for "{email}"' -> 'I have an account for "(?P<email>.+?)"'
DEBUG:parse:format 'I log in' -> 'I log in'
DEBUG:parse:format 'I should see personalized page' -> 'I should see personalized page'
DEBUG:parse:format 'I am on the home page' -> 'I am on the home page'
DEBUG:parse:format 'I search for "{querry}"' -> 'I search for "(?P<querry>.+?)"'
DEBUG:parse:format 'I should be on the results page' -> 'I should be on the results page'
INFO:test:BEFORE ALL
INFO:test:>>>>>>>>>>>>>>>>>>>>
INFO:test:<<<<<<<<<<<<<<<<<<<<
INFO:test:AFTER FEATURE
DEBUG:parse:format 'I have an account for "{email}"' -> 'I have an account for "(?P<email>.+?)"'
DEBUG:parse:format 'I log in' -> 'I log in'
DEBUG:parse:format 'I should see personalized page' -> 'I should see personalized page'
DEBUG:parse:format 'I am on the home page' -> 'I am on the home page'
DEBUG:parse:format 'I search for "{querry}"' -> 'I search for "(?P<querry>.+?)"'
DEBUG:parse:format 'I should be on the results page' -> 'I should be on the results page'
INFO:test:BEFORE ALL
INFO:test:>>>>>>>>>>>>>>>>>>>>
INFO:test:<<<<<<<<<<<<<<<<<<<<
INFO:test:AFTER FEATURE
DEBUG:parse:format 'I have an account for "{email}"' -> 'I have an account for "(?P<email>.+?)"'
DEBUG:parse:format 'I log in' -> 'I log in'
DEBUG:parse:format 'I should see personalized page' -> 'I should see personalized page'
DEBUG:parse:format 'I am on the home page' -> 'I am on the home page'
DEBUG:parse:format 'I search for "{querry}"' -> 'I search for "(?P<querry>.+?)"'
DEBUG:parse:format 'I should be on the results page' -> 'I should be on the results page'
INFO:test:BEFORE ALL
INFO:test:>>>>>>>>>>>>>>>>>>>>
INFO:test:<<<<<<<<<<<<<<<<<<<<
INFO:test:AFTER FEATURE
DEBUG:parse:format 'I have an account for "{email}"' -> 'I have an account for "(?P<email>.+?)"'
DEBUG:parse:format 'I log in' -> 'I log in'
DEBUG:parse:format 'I should see personalized page' -> 'I should see personalized page'
DEBUG:parse:format 'I am on the home page' -> 'I am on the home page'
DEBUG:parse:format 'I search for "{querry}"' -> 'I search for "(?P<querry>.+?)"'
DEBUG:parse:format 'I should be on the results page' -> 'I should be on the results page'
INFO:test:BEFORE ALL
INFO:test:>>>>>>>>>>>>>>>>>>>>
INFO:test:<<<<<<<<<<<<<<<<<<<<
INFO:test:AFTER FEATURE
DEBUG:parse:format 'I have an account for "{email}"' -> 'I have an account for "(?P<email>.+?)"'
DEBUG:parse:format 'I log in' -> 'I log in'
DEBUG:parse:format 'I should see personalized page' -> 'I should see personalized page'
DEBUG:parse:format 'I am on the home page' -> 'I am on the home page'
DEBUG:parse:format 'I search for "{querry}"' -> 'I search for "(?P<querry>.+?)"'
DEBUG:parse:format 'I should be on the results page' -> 'I should be on the results page'
INFO:test:BEFORE ALL
INFO:test:>>>>>>>>>>>>>>>>>>>>
INFO:test:<<<<<<<<<<<<<<<<<<<<
INFO:test:AFTER FEATURE
DEBUG:parse:format 'I have an account for "{email}"' -> 'I have an account for "(?P<email>.+?)"'
DEBUG:parse:format 'I log in' -> 'I log in'
DEBUG:parse:format 'I should see personalized page' -> 'I should see personalized page'
DEBUG:parse:format 'I am on the home page' -> 'I am on the home page'
DEBUG:parse:format 'I search for "{querry}"' -> 'I search for "(?P<querry>.+?)"'
DEBUG:parse:format 'I should be on the results page' -> 'I should be on the results page'
INFO:test:BEFORE ALL
INFO:test:>>>>>>>>>>>>>>>>>>>>
INFO:test:<<<<<<<<<<<<<<<<<<<<
INFO:test:AFTER FEATURE
DEBUG:parse:format 'I have an account for "{email}"' -> 'I have an account for "(?P<email>.+?)"'
DEBUG:parse:format 'I log in' -> 'I log in'
DEBUG:parse:format 'I should see personalized page' -> 'I should see personalized page'
DEBUG:parse:format 'I am on the home page' -> 'I am on the home page'
DEBUG:parse:format 'I search for "{querry}"' -> 'I search for "(?P<querry>.+?)"'
DEBUG:parse:format 'I should be on the results page' -> 'I should be on the results page'
INFO:test:BEFORE ALL
INFO:test:>>>>>>>>>>>>>>>>>>>>
DEBUG:parse:format 'I have an account for "{email}"' -> 'I have an account for "(?P<email>.+?)"'
DEBUG:parse:format 'I log in' -> 'I log in'
DEBUG:parse:format 'I should see personalized page' -> 'I should see personalized page'
DEBUG:parse:format 'I am on the home page' -> 'I am on the home page'
DEBUG:parse:format 'I search for "{querry}"' -> 'I search for "(?P<querry>.+?)"'
DEBUG:parse:format 'I should be on the results page' -> 'I should be on the results page'
INFO:test:BEFORE ALL
INFO:test:>>>>>>>>>>>>>>>>>>>>
INFO:test:<<<<<<<<<<<<<<<<<<<<
INFO:test:AFTER FEATURE
DEBUG:parse:format 'I have an account for "{email}"' -> 'I have an account for "(?P<email>.+?)"'
DEBUG:parse:format 'I log in' -> 'I log in'
DEBUG:parse:format 'I should see personalized page' -> 'I should see personalized page'
DEBUG:parse:format 'I am on the home page' -> 'I am on the home page'
DEBUG:parse:format 'I search for "{querry}"' -> 'I search for "(?P<querry>.+?)"'
DEBUG:parse:format 'I should be on the results page' -> 'I should be on the results page'
INFO:test:BEFORE ALL
INFO:test:>>>>>>>>>>>>>>>>>>>>
INFO:test:<<<<<<<<<<<<<<<<<<<<
INFO:test:AFTER FEATURE
DEBUG:parse:format 'I have an account for "{email}"' -> 'I have an account for "(?P<email>.+?)"'
DEBUG:parse:format 'I log in' -> 'I log in'
DEBUG:parse:format 'I should see personalized page' -> 'I should see personalized page'
DEBUG:parse:format 'I am on the home page' -> 'I am on the home page'
DEBUG:parse:format 'I search for "{querry}"' -> 'I search for "(?P<querry>.+?)"'
DEBUG:parse:format 'I should be on the results page' -> 'I should be on the results page'
INFO:test:BEFORE ALL
INFO:test:>>>>>>>>>>>>>>>>>>>>
INFO:test:<<<<<<<<<<<<<<<<<<<<
INFO:test:AFTER FEATURE
DEBUG:parse:format 'I have an account for "{email}"' -> 'I have an account for "(?P<email>.+?)"'
DEBUG:parse:format 'I log in' -> 'I log in'
DEBUG:parse:format 'I should see personalized page' -> 'I should see personalized page'
DEBUG:parse:format 'I am on the home page' -> 'I am on the home page'
DEBUG:parse:format 'I search for "{querry}"' -> 'I search for "(?P<querry>.+?)"'
DEBUG:parse:format 'I should be on the results page' -> 'I should be on the results page'
INFO:test:BEFORE ALL
INFO:test:>>>>>>>>>>>>>>>>>>>>
INFO:test:<<<<<<<<<<<<<<<<<<<<
INFO:test:AFTER FEATURE
DEBUG:parse:format 'I have an account for "{email}"' -> 'I have an account for "(?P<email>.+?)"'
DEBUG:parse:format 'I log in' -> 'I log in'
DEBUG:parse:format 'I should see personalized page' -> 'I should see personalized page'
DEBUG:parse:format 'I am on the home page' -> 'I am on the home page'
DEBUG:parse:format 'I search for "{querry}"' -> 'I search for "(?P<querry>.+?)"'
DEBUG:parse:format 'I should be on the results page' -> 'I should be on the results page'
INFO:test:BEFORE ALL
INFO:test:>>>>>>>>>>>>>>>>>>>>
INFO:test:<<<<<<<<<<<<<<<<<<<<
INFO:test:AFTER FEATURE
DEBUG:parse:format 'I have an account for "{email}"' -> 'I have an account for "(?P<email>.+?)"'
DEBUG:parse:format 'I log in' -> 'I log in'
DEBUG:parse:format 'I should see personalized page' -> 'I should see personalized page'
DEBUG:parse:format 'I am on the home page' -> 'I am on the home page'
DEBUG:parse:format 'I search for "{querry}"' -> 'I search for "(?P<querry>.+?)"'
DEBUG:parse:format 'I should be on the results page' -> 'I should be on the results page'
INFO:test:BEFORE ALL
INFO:test:>>>>>>>>>>>>>>>>>>>>
INFO:test:<<<<<<<<<<<<<<<<<<<<
INFO:test:AFTER FEATURE
DEBUG:parse:format 'I have an account for "{email}"' -> 'I have an account for "(?P<email>.+?)"'
DEBUG:parse:format 'I log in' -> 'I log in'
DEBUG:parse:format 'I should see personalized page' -> 'I should see personalized page'
DEBUG:parse:format 'I am on the home page' -> 'I am on the home page'
DEBUG:parse:format 'I search for "{querry}"' -> 'I search for "(?P<querry>.+?)"'
DEBUG:parse:format 'I should be on the results page' -> 'I should be on the results page'
INFO:test:BEFORE ALL
INFO:test:>>>>>>>>>>>>>>>>>>>>
INFO:test:<<<<<<<<<<<<<<<<<<<<
INFO:test:AFTER FEATURE
DEBUG:parse:format 'I have an account for "{email}"' -> 'I have an account for "(?P<email>.+?)"'
DEBUG:parse:format 'I log in' -> 'I log in'
DEBUG:parse:format 'I should see personalized page' -> 'I should see personalized page'
DEBUG:parse:format 'I am on the home page' -> 'I am on the home page'
DEBUG:parse:format 'I search for "{querry}"' -> 'I search for "(?P<querry>.+?)"'
DEBUG:parse:format 'I should be on the results page' -> 'I should be on the results page'
INFO:test:BEFORE ALL
INFO:test:>>>>>>>>>>>>>>>>>>>>
INFO:test:<<<<<<<<<<<<<<<<<<<<
INFO:test:AFTER FEATURE
DEBUG:parse:format 'I have an account for "{email}"' -> 'I have an account for "(?P<email>.+?)"'
DEBUG:parse:format 'I log in' -> 'I log in'
DEBUG:parse:format 'I should see personalized page' -> 'I should see personalized page'
DEBUG:parse:format 'I am on the home page' -> 'I am on the home page'
DEBUG:parse:format 'I search for "{querry}"' -> 'I search for "(?P<querry>.+?)"'
DEBUG:parse:format 'I should be on the results page' -> 'I should be on the results page'
INFO:test:BEFORE ALL
INFO:test:>>>>>>>>>>>>>>>>>>>>
INFO:test:<<<<<<<<<<<<<<<<<<<<
INFO:test:AFTER FEATURE
DEBUG:parse:format 'I have an account for "{email}"' -> 'I have an account for "(?P<email>.+?)"'
DEBUG:parse:format 'I log in' -> 'I log in'
DEBUG:parse:format 'I should see personalized page' -> 'I should see personalized page'
DEBUG:parse:format 'I am on the home page' -> 'I am on the home page'
DEBUG:parse:format 'I search for "{querry}"' -> 'I search for "(?P<querry>.+?)"'
DEBUG:parse:format 'I should be on the results page' -> 'I should be on the results page'
INFO:test:BEFORE ALL
INFO:test:>>>>>>>>>>>>>>>>>>>>
INFO:test:<<<<<<<<<<<<<<<<<<<<
INFO:test:AFTER FEATURE
